[     307ms] [WARNING] fun-hooks: referenced 'registerAdserver' but it was never created @ https://ads.thetimes.com/prebid.times_render.min.js:16
[     307ms] [WARNING] fun-hooks: referenced 'adpod' but it was never created @ https://ads.thetimes.com/prebid.times_render.min.js:16
[     307ms] [WARNING] fun-hooks: referenced 'firstPartyData' but it was never created @ https://ads.thetimes.com/prebid.times_render.min.js:16
[     515ms] [LOG] ipsos section @ https://tags.tiqcdn.com/utag/newsinternational/thetimes.2025.wordpress/prod/utag.184.js?utv=ut4.53.202511061412:4
[     640ms] [LOG] Messaging without detection successfully executed. @ https://consent.thetimes.com/unified/wrapperMessagingWithoutDetection.js?ver=0.159.0:0
[     826ms] [LOG] Subscriptions Runtime: 1.0.148 @ https://news.google.com/swg/js/v1/swg.js:0
[    2101ms] [LOG] interaction complete @ https://consent.thetimes.com/unified/wrapperMessagingWithoutDetection.js?ver=0.159.0:0
[    2320ms] [WARNING] [GPT] PubAdsService.disableInitialLoad is deprecated, use googletag.setConfig({disableInitialLoad: ...}) instead.
https://goo.gle/gpt-message#170 @ https://securepubads.g.doubleclick.net/pagead/managed/js/gpt/m202605260101/pubads_impl.js:18
[    2375ms] [WARNING] [GPT] Slot.getTargeting is deprecated, use Slot.getConfig('targeting') instead.
https://goo.gle/gpt-message#201 @ https://securepubads.g.doubleclick.net/pagead/managed/js/gpt/m202605260101/pubads_impl.js:18
[    2547ms] [INFO] Pinterest Tag Error: 'load' command was called multiple times.  Previously for tag id '%s', now for tag id '%s'. 2614380761124 2614380761124 @ https://s.pinimg.com/ct/lib/main.0fc62dfe.js:0
[    2808ms] [ERROR] Failed to load resource: the server responded with a status of 451 () @ https://api.rlcdn.com/api/identity/envelope?pid=14177&ct=4&cv=CQlOlEAQlOlEAAGABCENCfFkAP_gAEPgACRQLdtR9G_fbTlj8DJ14btkeYxf8NgrrsAhBgYIkmwByJvW7JwC32ESNAzKpiYKmRIAmVBBAQFlGADUBUCAIIgFqTDEaESEwTFKJqBEgFMRY2JQCFxvmQFDWQCY4kp8dkdxmRON7Zr8yZTyi4BnkAA0ACAFAIAAAAAAAAAAQAAAAAAAwIAgAAAAgAAAAAQAABAIAAAAAgAAAKAAAAgAAAAAAAAAAAAAAAAAACAABAAAAAAAQiAABAAAAACC3cC4ABwAFwASAAqABcAD8ANAAfABHADLAHIAO4AgEBBwEIAI4ASkAmgBUACxAGvAOkAdsA_oCEAErAJiATbApACkQFSAKyAV2AsQBagC2QFuALgAXQAvIBiADFgGQgNTAhWBG8CVoFuwDQkDyACgAKgAXAA4AB4AEAAL4AZABqADwAJgAVQA3gB-AEIAIYARwAmgBWgDAAGWAOcAdwA9oB9gH6AQAAikBFwEYAI0ASIAk0BPwFBgKgAq4BcwC9AGKANEAbQA3ABxAD2wI9AkQBNICdgFDgKPAUiAtgBcAC5AF2ALzAYbAyMDJAGTgMuAZmAzkBtADdQK-AWFCAAQAijoI4AC4AKAAqABwAEEALgAvgBkAGoAPAAmABTACqAF0AMQAbwA_ACGAE0AKMAVoAwABogDnAHcAPaAfYB-wEUARiAjoCRAEmgJ-AoMBUQFXALEAXMAvQBigDaAG4AOIAe0A-wCEAEXwI9AkQBMgCaQE7AKHgUeBSACkwFWALFAWwAt0BcAC5IF2AXaAvMBfQDDQGPQMjAyQBk4DKgGXAMzAZyA00BtADdQHFgP7AlWBbseADAB-AtkBdA4ACAFAlAhAAWABQADgAPAAmABVADEAIYARwAowBWgDAAH5AVEBVwC5gGKAOIAhABF8CPQJEAUeApMBTQCxQFsALkAXYAvOBkYGSAMnAZyBKsCVpIACACQpA4AAXABQAFQAOAAggBkAGgAPAAmABVADEAH4AQwAowBWgDAAGiAOcAd8A-wD9AIsARiAjoCRAFBgKiAq4BcwDFAG0ANwAcQA9oB9gEXwI9AkQBNICdgFDgKQAUmApoBVgCxQFsALgAXJAuwC7QF5gL6AYbAyMDJAGTgMuAZyA2UBuoD-wJVgWFKgAQF0FAAIAUCECAABYAFAAXAA1ACqAGIAN4AfgBgADnAHcARQAkQBKQCgwFRAVcAuYBigDaAI9ATSApMBVgCxQFogLgAXIAuwBkYDJwGcgP7LQDQAagDAAHcAXoA-wChwFNAKsAXAAuwBmYFhQLdlgAwAywCOAI9ATEAm0BqYAAA.ILdtR9G_fbTlj-DJ14btkeYxf8NgrrsAhBgYIsmwByJvW7JwC32ESNEzKpiYKmRIAmVBBAQFtGAjUBUCBIIgFqTDkaESEwTFKJqBEgFMRY2JQCFxvmQFDWQCY4kp-dkdxmRON7Zr-yZTyi4BnkAA0ACAFAIAAAAAAAAAAQAAAAAAAwIAgAAAAgAAAAAQAABAIAAAAAgAAAKAAAAgAAAAAAAAAAAAAAAAAACAABAAEAAAAQiAABAAAAAC.YAAAAAAAAAAA:0
[    2971ms] [ERROR] Attestation check for Protected Audience on https://htlb.casalemedia.com failed. @ https://www.thetimes.com/us/american-politics/article/jill-biden-interview-today-book-dpxl3qrn6:0
[    2971ms] [ERROR] Attestation check for Protected Audience on https://grid-bidder.criteo.com failed. @ https://www.thetimes.com/us/american-politics/article/jill-biden-interview-today-book-dpxl3qrn6:0
[    2971ms] [ERROR] Attestation check for Protected Audience on https://fastlane.rubiconproject.com failed. @ https://www.thetimes.com/us/american-politics/article/jill-biden-interview-today-book-dpxl3qrn6:0
[    2974ms] [ERROR] Attestation check for Protected Audience on https://hbopenbid.pubmatic.com failed. @ https://www.thetimes.com/us/american-politics/article/jill-biden-interview-today-book-dpxl3qrn6:0
[    2995ms] [WARNING] [Meta Pixel] - You are attempting to send an unverified event. The event was suppressed. Go to Events Manager to learn more. @ https://connect.facebook.net/en_US/fbevents.js:183
[    3066ms] [WARNING] [GPT] Using deprecated googletag.encryptedSignalProviders. Please use googletag.secureSignalProviders instead.
https://goo.gle/gpt-message#155 @ https://securepubads.g.doubleclick.net/pagead/managed/js/gpt/m202605260101/pubads_impl.js:18
